scalar-pairs	upcase-bad	upcase-bad.c	8	main	3	arg	argc	1	0	0
scalar-pairs	upcase-bad	upcase-bad.c	8	main	2	arg	0LL	0	0	1
scalar-pairs	upcase-bad	upcase-bad.c	15	main	12	chr	(char *)0	0	1	4
scalar-pairs	upcase-bad	upcase-bad.c	15	main	22	chr	(char *)0	0	0	13
scalar-pairs	upcase-bad	upcase-bad.c	8	main	28	arg	argc	3	1	0
scalar-pairs	upcase-bad	upcase-bad.c	8	main	27	arg	0LL	0	0	4
